mode: set
/home/lzuccarelli/Projects/myportfolio/myportfolio-message-producer/handlers.go:20.55,28.16 5 1
/home/lzuccarelli/Projects/myportfolio/myportfolio-message-producer/handlers.go:41.2,42.27 2 1
/home/lzuccarelli/Projects/myportfolio/myportfolio-message-producer/handlers.go:28.16,31.3 2 1
/home/lzuccarelli/Projects/myportfolio/myportfolio-message-producer/handlers.go:31.8,33.17 2 1
/home/lzuccarelli/Projects/myportfolio/myportfolio-message-producer/handlers.go:33.17,36.4 2 1
/home/lzuccarelli/Projects/myportfolio/myportfolio-message-producer/handlers.go:36.9,38.4 1 1
/home/lzuccarelli/Projects/myportfolio/myportfolio-message-producer/handlers.go:47.54,52.2 4 1
/home/lzuccarelli/Projects/myportfolio/myportfolio-message-producer/handlers.go:55.57,57.38 2 1
/home/lzuccarelli/Projects/myportfolio/myportfolio-message-producer/handlers.go:64.2,70.134 5 1
/home/lzuccarelli/Projects/myportfolio/myportfolio-message-producer/handlers.go:57.38,59.29 2 1
/home/lzuccarelli/Projects/myportfolio/myportfolio-message-producer/handlers.go:59.29,61.4 1 1
/home/lzuccarelli/Projects/myportfolio/myportfolio-message-producer/handlers.go:74.60,75.27 1 1
/home/lzuccarelli/Projects/myportfolio/myportfolio-message-producer/handlers.go:79.2,79.8 1 1
/home/lzuccarelli/Projects/myportfolio/myportfolio-message-producer/handlers.go:75.27,78.3 2 1
